// Jest Snapshot v1, https://goo.gl/fbAQLP

exports[`PromExploreQueryEditor should render component 1`] = `
<PromQueryField
  ExtraFieldElement={
    <PromExploreExtraField
      label="Step"
      onChangeFunc={[Function]}
      onKeyDownFunc={[Function]}
      value="1s"
    />
  }
  data={
    Object {
      "request": Object {
        "app": "Grafana",
        "dashboardId": 1,
        "interval": "1s",
        "panelId": 1,
        "range": Object {
          "from": "2019-12-31T23:00:00.000Z",
          "raw": Object {
            "from": "2019-12-31T23:00:00.000Z",
            "to": "2020-01-01T23:00:00.000Z",
          },
          "to": "2020-01-01T23:00:00.000Z",
        },
        "requestId": "1",
        "scopedVars": Object {},
        "startTime": 0,
        "targets": Array [],
        "timezone": "GMT",
      },
      "series": Array [],
      "state": "NotStarted",
      "timeRange": Object {
        "from": "2019-12-31T23:00:00.000Z",
        "raw": Object {
          "from": "2019-12-31T23:00:00.000Z",
          "to": "2020-01-01T23:00:00.000Z",
        },
        "to": "2020-01-01T23:00:00.000Z",
      },
    }
  }
  datasource={Object {}}
  history={Array []}
  onChange={[MockFunction]}
  onRunQuery={[MockFunction]}
  query={
    Object {
      "expr": "",
      "interval": "1s",
      "refId": "A",
    }
  }
/>
`;
